#
# $Id: libidmef-functions.map,v 1.4 2005/07/10 09:38:51 alcapone Exp $
#
# function			attribute/element	type
#
newIDMEF_Message		IDMEF-Message		DOC
newIDMEF_Message_version	version			ATTRIBUTE
newIDMEF_Message_xmlns		xmlns			ATTRIBUTE
newIDMEF_Message_xmlns_idmef	xmlns_idmef		ATTRIBUTE
newIDMEF_Message_xml_lang	xml_lang		ATTRIBUTE
newIDMEF_Message_xml_space	xml_space		ATTRIBUTE
newAlert			Alert			NODE
newAlert_messageid		messageid		ATTRIBUTE
newAlert_xmlns			xmlns			ATTRIBUTE
newAlert_xmlns_idmef		xmlns_idmef		ATTRIBUTE
newAlert_xml_lang		xml_lang		ATTRIBUTE
newAlert_xml_space		xml_space		ATTRIBUTE
newHeartbeat			Heartbeat		NODE
newHeartbeat_messageid		messageid		ATTRIBUTE
newHeartbeat_xmlns		xmlns			ATTRIBUTE
newHeartbeat_xmlns_idmef	xmlns_idmef		ATTRIBUTE
newHeartbeat_xml_lang		xml_lang		ATTRIBUTE
newHeartbeat_xml_space		xml_space		ATTRIBUTE
newHeartbeatInterval		interval		CONTENT
newHeartbeatInterval_xmlns	xmlns			ATTRIBUTE
newHeartbeatInterval_xmlns_idmef	xmlns_idmef	ATTRIBUTE
newHeartbeatInterval_xml_lang	xml_lang		ATTRIBUTE
newHeartbeatInterval_xml_space	xml_space		ATTRIBUTE
newToolAlert			ToolAlert		NODE
newToolAlert_name		name			CONTENT
newToolAlert_command		command			CONTENT
newToolAlert_alertident		alertident		CONTENT
newToolAlert_analyzerid		analyzerid		ATTRIBUTE
newToolAlert_xmlns		xmlns			ATTRIBUTE
newToolAlert_xmlns_idmef	xmlns_idmef		ATTRIBUTE
newToolAlert_xml_lang		xml_lang		ATTRIBUTE
newToolAlert_xml_space		xml_space		ATTRIBUTE
newCorrelationAlert		CorrelationAlert	NODE
newCorrelationAlert_name	name			CONTENT
newCorrelationAlert_alertident	alertident		CONTENT
newCorrelationAlert_analyzerid	analyzerid		ATTRIBUTE
newCorrelationAlert_xmlns	xmlns			ATTRIBUTE
newCorrelationAlert_xmlns_idmef	xmlns_idmef		ATTRIBUTE
newCorrelationAlert_xml_lang	xml_lang		ATTRIBUTE
newCorrelationAlert_xml_space	xml_space		ATTRIBUTE
newOverflowAlert		OverflowAlert		NODE
newOverflowAlert_program	program			CONTENT
newOverflowAlert_size		size			CONTENT
newOverflowAlert_buffer		buffer			CONTENT
newOverflowAlert_xmlns		xmlns			ATTRIBUTE
newOverflowAlert_xmlns_idmef	xmlns_idmef		ATTRIBUTE
newOverflowAlert_xml_lang	xml_lang		ATTRIBUTE
newOverflowAlert_xml_space	xml_space		ATTRIBUTE
newAnalyzer			Analyzer		NODE
newAnalyzer_analyzerid		analyzerid		ATTRIBUTE
newAnalyzer_name		name			ATTRIBUTE
newAnalyzer_manufacturer	manufacturer		ATTRIBUTE
newAnalyzer_model		model			ATTRIBUTE
newAnalyzer_version		version			ATTRIBUTE
newAnalyzer_class		class			ATTRIBUTE
newAnalyzer_ostype		ostype			ATTRIBUTE
newAnalyzer_osversion		osversion		ATTRIBUTE
newAnalyzer_xmlns		xmlns			ATTRIBUTE
newAnalyzer_xmlns_idmef		xmlns_idmef		ATTRIBUTE
newAnalyzer_xml_lang		xml_lang		ATTRIBUTE
newAnalyzer_xml_space		xml_space		ATTRIBUTE
newClassification		Classification		NODE
newClassification_ident		ident			ATTRIBUTE
newClassification_text		text			ATTRIBUTE
newReference			Reference		NODE
newReference_origin		origin			ATTRIBUTE
newReference_meaning		meaning			ATTRIBUTE
newReference_name		name			CONTENT
newReference_url		url			CONTENT
newSource			Source			NODE
newSource_ident			ident			ATTRIBUTE
newSource_spoofed		spoofed			ATTRIBUTE
newSource_interface		interface		ATTRIBUTE
newSource_xmlns			xmlns			ATTRIBUTE
newSource_xmlns_idmef		xmlns_idmef		ATTRIBUTE
newSource_xml_lang		xml_lang		ATTRIBUTE
newSource_xml_space		xml_space		ATTRIBUTE
newTarget			Target			NODE
newTarget_ident			ident			ATTRIBUTE
newTarget_decoy			decoy			ATTRIBUTE
newTarget_interface		interface		ATTRIBUTE
newTarget_xmlns			xmlns			ATTRIBUTE
newTarget_xmlns_idmef		xmlns_idmef		ATTRIBUTE
newTarget_xml_lang		xml_lang		ATTRIBUTE
newTarget_xml_space		xml_space		ATTRIBUTE
newAssessment			Assessment		NODE
newAssessmen_xmlns		xmlns			ATTRIBUTE
newAssessmen_xmlns_idmef	xmlns_idmef		ATTRIBUTE
newAssessmen_xml_lang		xml_lang		ATTRIBUTE
newAssessmen_xml_space		xml_space		ATTRIBUTE
newAdditionalData		AdditionalData		NODE
newAdditionalData_type		type			ATTRIBUTE
newAdditionalData_meaning	meaning			ATTRIBUTE
newAdditionalData_boolean	boolean			CONTENT
newAdditionalData_byte		byte			CONTENT
newAdditionalData_character	character		CONTENT
newAdditionalData_date_time	date_time		CONTENT
newAdditionalData_integer	integer			CONTENT
newAdditionalData_ntpstamp	ntpstamp		CONTENT
newAdditionalData_portlist	portlist		CONTENT
newAdditionalData_real		real			CONTENT
newAdditionalData_string	string			CONTENT
newAdditionalData_byte_string	byte_string		CONTENT
newAdditionalData_xmltext	xmltext			CONTENT
newAdditionalData_xmlns		xmlns			ATTRIBUTE
newAdditionalData_xmlns_idmef	xmlns_idmef		ATTRIBUTE
newAdditionalData_xml_lang	xml_lang		ATTRIBUTE
newAdditionalData_xml_space	xml_space		ATTRIBUTE
newCreateTime			CreateTime		CONTENT
newCreateTime_ntpstamp		ntpstamp		ATTRIBUTE
newCreateTime_xmlns		xmlns			ATTRIBUTE
newCreateTime_xmlns_idmef	xmlns_idmef		ATTRIBUTE
newCreateTime_xml_lang		xml_lang		ATTRIBUTE
newCreateTime_xml_space		xml_space		ATTRIBUTE
newAnalyzerTime			AnalyzerTime		CONTENT
newAnalyzerTime_ntpstamp	ntpstamp		ATTRIBUTE
newAnalyzerTime_xmlns		xmlns			ATTRIBUTE
newAnalyzerTime_xmlns_idmef	xmlns_idmef		ATTRIBUTE
newAnalyzerTime_xml_lang	xml_lang		ATTRIBUTE
newAnalyzerTime_xml_space	xml_space		ATTRIBUTE
newDetectTime			DetectTime		CONTENT
newDetectTime_ntpstamp		ntpstamp		ATTRIBUTE
newDetectTim_xmlns		xmlns			ATTRIBUTE
newDetectTim_xmlns_idmef	xmlns_idmef		ATTRIBUTE
newDetectTim_xml_lang		xml_lang		ATTRIBUTE
newDetectTim_xml_space		xml_space		ATTRIBUTE
newImpact			Impact			CONTENT
newImpact_severity		severity		ATTRIBUTE
newImpact_completion		completion		ATTRIBUTE
newImpact_type			type			ATTRIBUTE
newImpact_xmlns			xmlns			ATTRIBUTE
newImpact_xmlns_idmef		xmlns_idmef		ATTRIBUTE
newImpact_xml_lang		xml_lang		ATTRIBUTE
newImpact_xml_space		xml_space		ATTRIBUTE
newAction			Action			CONTENT
newAction_category		category		ATTRIBUTE
newAction_xmlns			xmlns			ATTRIBUTE
newAction_xmlns_idmef		xmlns_idmef		ATTRIBUTE
newAction_xml_lang		xml_lang		ATTRIBUTE
newAction_xml_space		xml_space		ATTRIBUTE
newConfidence			Confidence		CONTENT
newConfidence_rating		rating			ATTRIBUTE
newConfidence_xmlns		xmlns			ATTRIBUTE
newConfidence_xmlns_idmef	xmlns_idmef		ATTRIBUTE
newConfidence_xml_lang		xml_lang		ATTRIBUTE
newConfidence_xml_space		xml_space		ATTRIBUTE
newNode				Node			NODE
newNode_ident			ident			ATTRIBUTE
newNode_category		category		ATTRIBUTE
newNode_location		location		CONTENT
newNode_name			name			CONTENT
newNode_xmlns			xmlns			ATTRIBUTE
newNode_xmlns_idmef		xmlns_idmef		ATTRIBUTE
newNode_xml_lang		xml_lang		ATTRIBUTE
newNode_xml_space		xml_space		ATTRIBUTE
newAddress			Address			NODE
newAddress_ident		ident			ATTRIBUTE
newAddress_category		category		ATTRIBUTE
newAddress_vlan_name		vlan-name		ATTRIBUTE
newAddress_vlan_num		vlan-num		ATTRIBUTE
newAddress_address		address			CONTENT
newAddress_netmask		netmask			CONTENT
newAddress_xmlns		xmlns			ATTRIBUTE
newAddress_xmlns_idmef		xmlns_idmef		ATTRIBUTE
newAddress_xml_lang		xml_lang		ATTRIBUTE
newAddress_xml_space		xml_space		ATTRIBUTE
newUser				User			NODE
newUser_ident			ident			ATTRIBUTE
newUser_category		category		ATTRIBUTE
newUser_xmlns			xmlns			ATTRIBUTE
newUser_xmlns_idmef		xmlns_idmef		ATTRIBUTE
newUser_xml_lang		xml_lang		ATTRIBUTE
newUser_xml_space		xml_space		ATTRIBUTE
newUserId			UserId			NODE
newUserId_ident			ident			ATTRIBUTE
newUserId_type			type			ATTRIBUTE
newUserId_tty			tty			ATTRIBUTE
newUserId_name			name			CONTENT
newUserId_number		number			CONTENT
newUserId_xmlns			xmlns			ATTRIBUTE
newUserId_xmlns_idmef		xmlns_idmef		ATTRIBUTE
newUserId_xml_lang		xml_lang		ATTRIBUTE
newUserId_xml_space		xml_space		ATTRIBUTE
newProcess			Process			NODE
newProcess_ident		ident			ATTRIBUTE
newProcess_name			name			CONTENT
newProcess_pid			pid			CONTENT
newProcess_path			path			CONTENT
newProcess_arg			arg			CONTENT
newProcess_env			env			CONTENT
newProcess_xmlns		xmlns			ATTRIBUTE
newProcess_xmlns_idmef		xmlns_idmef		ATTRIBUTE
newProcess_xml_lang		xml_lang		ATTRIBUTE
newProcess_xml_space		xml_space		ATTRIBUTE
newService			Service			NODE
newService_ident		ident			ATTRIBUTE
newService_ip_version		ip_version		ATTRIBUTE
newService_iana_protocol_number	iana_protocol_number	ATTRIBUTE
newService_iana_protocol_name	iana_protocol_name	ATTRIBUTE
newService_name			name			CONTENT
newService_port			port			CONTENT
newService_portlist		portlist		CONTENT
newService_protocol		protocol		CONTENT
newService_xmlns		xmlns			ATTRIBUTE
newService_xmlns_idmef		xmlns_idmef		ATTRIBUTE
newService_xml_lang		xml_lang		ATTRIBUTE
newService_xml_space		xml_space		ATTRIBUTE
newWebService			WebService		NODE
newWebService_url		url			CONTENT
newWebService_cgi		cgi			CONTENT
newWebService_http_method	http-method		CONTENT
newWebService_arg		arg			CONTENT
newWebService_xmlns		xmlns			ATTRIBUTE
newWebService_xmlns_idmef	xmlns_idmef		ATTRIBUTE
newWebService_xml_lang		xml_lang		ATTRIBUTE
newWebService_xml_space		xml_space		ATTRIBUTE
newSNMPService			SNMPService		NODE
newSNMPService_oid		oid			CONTENT
newSNMPService_securityName	securityName		CONTENT
newSNMPService_contextName	contextName		CONTENT
newSNMPService_contextEngineID	contextEngineID		CONTENT
newSNMPService_community	community		CONTENT
newSNMPService_command		command			CONTENT
newSNMPService_xmlns		xmlns			ATTRIBUTE
newSNMPService_xmlns_idmef	xmlns_idmef		ATTRIBUTE
newSNMPService_xml_lang		xml_lang		ATTRIBUTE
newSNMPService_xml_space	xml_space		ATTRIBUTE
newFile				File			NODE
newFile_ident			ident			ATTRIBUTE
newFile_category		category		ATTRIBUTE
newFile_fstype			fstype			ATTRIBUTE
newFile_file_type		file-type		ATTRIBUTE
newFile_name			name			CONTENT
newFile_path			path			CONTENT
newFile_create_time		create-time		CONTENT
newFile_modify_time		modify-time		CONTENT
newFile_access_time		access-time		CONTENT
newFile_data_size		data-size		CONTENT
newFile_disk_size		disk-size		CONTENT
newFile_xmlns			xmlns			ATTRIBUTE
newFile_xmlns_idmef		xmlns_idmef		ATTRIBUTE
newFile_xml_lang		xml_lang		ATTRIBUTE
newFile_xml_space		xml_space		ATTRIBUTE
newFileAccess			FileAccess		NODE
newFileAccess_permission	permission		CONTENT
newFileAccess_xmlns		xmlns			ATTRIBUTE
newFileAccess_xmlns_idmef	xmlns_idmef		ATTRIBUTE
newFileAccess_xml_lang		xml_lang		ATTRIBUTE
newFileAccess_xml_space		xml_space		ATTRIBUTE
newLinkage			Linkage			NODE
newLinkage_category		category		ATTRIBUTE
newLinkage_name			name			CONTENT
newLinkage_path			path			CONTENT
newLinkage_xmlns		xmlns			ATTRIBUTE
newLinkage_xmlns_idmef		xmlns_idmef		ATTRIBUTE
newLinkage_xml_lang		xml_lang		ATTRIBUTE
newLinkage_xml_space		xml_space		ATTRIBUTE
newInode			Inode			NODE
newInode_change_time		change-time		CONTENT
newInode_number			number			CONTENT
newInode_major_device		major-device		CONTENT
newInode_minor_device		minor-device		CONTENT
newInode_c_major_device		c-major-device		CONTENT
newInode_c_minor_device		c-minor-device		CONTENT
newInode_xmlns			xmlns			ATTRIBUTE
newInode_xmlns_idmef		xmlns_idmef		ATTRIBUTE
newInode_xml_lang		xml_lang		ATTRIBUTE
newInode_xml_space		xml_space		ATTRIBUTE
newChecksum			Checksum		NODE
newChecksum_algorithm		algorithm		ATTRIBUTE
newChecksum_value		value			CONTENT
newChecksum_key			key			CONTENT
newChecksum_xmlns		xmlns			ATTRIBUTE
newChecksum_xmlns_idmef		xmlns_idmef		ATTRIBUTE
newChecksum_xml_lang		xml_lang		ATTRIBUTE
newChecksum_xml_space		xml_space		ATTRIBUTE
